....
----------------------------------------------------------------------
Ran 4 tests in 0.029s

OK
🌐 Launching UI: http://127.0.0.1:8080/ui
   Using default system browser...
ℹ️  UI auto-launch disabled in config
🌐 Launching UI: http://127.0.0.1:8080/ui
   Using default system browser...
🌐 Launching UI: http://127.0.0.1:8080/ui
   Using browser: chromium-browser (with --password-store=basic)
profiling:/usr/src/Python-3.11.10/Modules/getpath.gcda:Cannot open
profiling:/usr/src/Python-3.11.10/Python/deepfreeze/deepfreeze.gcda:Cannot open
profiling:/usr/src/Python-3.11.10/Modules/xxsubtype.gcda:Cannot open
profiling:/usr/src/Python-3.11.10/Modules/pwdmodule.gcda:Cannot open
profiling:/usr/src/Python-3.11.10/Modules/symtablemodule.gcda:Cannot open
profiling:/usr/src/Python-3.11.10/Modules/_stat.gcda:Cannot open
profiling:/usr/src/Python-3.11.10/Modules/_operator.gcda:Cannot open
profiling:/usr/src/Python-3.11.10/Modules/_localemodule.gcda:Cannot open
profiling:/usr/src/Python-3.11.10/Modules/_functoolsmodule.gcda:Cannot open
profiling:/usr/src/Python-3.11.10/Modules/_abc.gcda:Cannot open
profiling:/usr/src/Python-3.11.10/Modules/_weakref.gcda:Cannot open
profiling:/usr/src/Python-3.11.10/Modules/timemodule.gcda:Cannot open
profiling:/usr/src/Python-3.11.10/Modules/_threadmodule.gcda:Cannot open
profiling:/usr/src/Python-3.11.10/Modules/_sre/sre.gcda:Cannot open
profiling:/usr/src/Python-3.11.10/Modules/itertoolsmodule.gcda:Cannot open
profiling:/usr/src/Python-3.11.10/Modules/_io/stringio.gcda:Cannot open
profiling:/usr/src/Python-3.11.10/Modules/_io/textio.gcda:Cannot open
profiling:/usr/src/Python-3.11.10/Modules/_io/bufferedio.gcda:Cannot open
profiling:/usr/src/Python-3.11.10/Modules/_io/bytesio.gcda:Cannot open
profiling:/usr/src/Python-3.11.10/Modules/_io/fileio.gcda:Cannot open
profiling:/usr/src/Python-3.11.10/Modules/_io/iobase.gcda:Cannot open
profiling:/usr/src/Python-3.11.10/Modules/_io/_iomodule.gcda:Cannot open
profiling:/usr/src/Python-3.11.10/Modules/errnomodule.gcda:Cannot open
profiling:/usr/src/Python-3.11.10/Modules/_collectionsmodule.gcda:Cannot open
profiling:/usr/src/Python-3.11.10/Modules/_codecsmodule.gcda:Cannot open
profiling:/usr/src/Python-3.11.10/Modules/_tracemalloc.gcda:Cannot open
profiling:/usr/src/Python-3.11.10/Modules/signalmodule.gcda:Cannot open
profiling:/usr/src/Python-3.11.10/Modules/posixmodule.gcda:Cannot open
profiling:/usr/src/Python-3.11.10/Modules/faulthandler.gcda:Cannot open
profiling:/usr/src/Python-3.11.10/Modules/atexitmodule.gcda:Cannot open
profiling:/usr/src/Python-3.11.10/Modules/gcmodule.gcda:Cannot open
profiling:/usr/src/Python-3.11.10/Modules/main.gcda:Cannot open
profiling:/usr/src/Python-3.11.10/Python/dynload_shlib.gcda:Cannot open
profiling:/usr/src/Python-3.11.10/Python/suggestions.gcda:Cannot open
profiling:/usr/src/Python-3.11.10/Python/fileutils.gcda:Cannot open
profiling:/usr/src/Python-3.11.10/Python/formatter_unicode.gcda:Cannot open
profiling:/usr/src/Python-3.11.10/Python/dtoa.gcda:Cannot open
profiling:/usr/src/Python-3.11.10/Python/pystrhex.gcda:Cannot open
profiling:/usr/src/Python-3.11.10/Python/pystrtod.gcda:Cannot open
profiling:/usr/src/Python-3.11.10/Python/pystrcmp.gcda:Cannot open
profiling:/usr/src/Python-3.11.10/Python/getopt.gcda:Cannot open
profiling:/usr/src/Python-3.11.10/Python/traceback.gcda:Cannot open
profiling:/usr/src/Python-3.11.10/Python/thread.gcda:Cannot open
profiling:/usr/src/Python-3.11.10/Python/sysmodule.gcda:Cannot open
profiling:/usr/src/Python-3.11.10/Python/symtable.gcda:Cannot open
profiling:/usr/src/Python-3.11.10/Python/structmember.gcda:Cannot open
profiling:/usr/src/Python-3.11.10/Python/specialize.gcda:Cannot open
profiling:/usr/src/Python-3.11.10/Python/bootstrap_hash.gcda:Cannot open
profiling:/usr/src/Python-3.11.10/Python/pytime.gcda:Cannot open
profiling:/usr/src/Python-3.11.10/Python/pythonrun.gcda:Cannot open
profiling:/usr/src/Python-3.11.10/Python/pystate.gcda:Cannot open
profiling:/usr/src/Python-3.11.10/Python/pylifecycle.gcda:Cannot open
profiling:/usr/src/Python-3.11.10/Python/pyhash.gcda:Cannot open
profiling:/usr/src/Python-3.11.10/Python/pyfpe.gcda:Cannot open
profiling:/usr/src/Python-3.11.10/Python/pyarena.gcda:Cannot open
profiling:/usr/src/Python-3.11.10/Python/preconfig.gcda:Cannot open
profiling:/usr/src/Python-3.11.10/Python/pathconfig.gcda:Cannot open
profiling:/usr/src/Python-3.11.10/Python/mystrtoul.gcda:Cannot open
profiling:/usr/src/Python-3.11.10/Python/mysnprintf.gcda:Cannot open
profiling:/usr/src/Python-3.11.10/Python/modsupport.gcda:Cannot open
profiling:/usr/src/Python-3.11.10/Python/marshal.gcda:Cannot open
profiling:/usr/src/Python-3.11.10/Python/initconfig.gcda:Cannot open
profiling:/usr/src/Python-3.11.10/Python/importdl.gcda:Cannot open
profiling:/usr/src/Python-3.11.10/Python/import.gcda:Cannot open
profiling:/usr/src/Python-3.11.10/Python/hashtable.gcda:Cannot open
profiling:/usr/src/Python-3.11.10/Python/hamt.gcda:Cannot open
profiling:/usr/src/Python-3.11.10/Python/getversion.gcda:Cannot open
profiling:/usr/src/Python-3.11.10/Python/getplatform.gcda:Cannot open
profiling:/usr/src/Python-3.11.10/Python/getcopyright.gcda:Cannot open
profiling:/usr/src/Python-3.11.10/Python/getcompiler.gcda:Cannot open
profiling:/usr/src/Python-3.11.10/Python/getargs.gcda:Cannot open
profiling:/usr/src/Python-3.11.10/Python/future.gcda:Cannot open
profiling:/usr/src/Python-3.11.10/Python/frozenmain.gcda:Cannot open
profiling:/usr/src/Python-3.11.10/Python/frame.gcda:Cannot open
profiling:/usr/src/Python-3.11.10/Python/errors.gcda:Cannot open
profiling:/usr/src/Python-3.11.10/Python/context.gcda:Cannot open
profiling:/usr/src/Python-3.11.10/Python/compile.gcda:Cannot open
profiling:/usr/src/Python-3.11.10/Python/codecs.gcda:Cannot open
profiling:/usr/src/Python-3.11.10/Python/ceval.gcda:Cannot open
profiling:/usr/src/Python-3.11.10/Python/bltinmodule.gcda:Cannot open
profiling:/usr/src/Python-3.11.10/Python/ast_unparse.gcda:Cannot open
profiling:/usr/src/Python-3.11.10/Python/ast_opt.gcda:Cannot open
profiling:/usr/src/Python-3.11.10/Python/ast.gcda:Cannot open
profiling:/usr/src/Python-3.11.10/Python/asdl.gcda:Cannot open
profiling:/usr/src/Python-3.11.10/Python/Python-tokenize.gcda:Cannot open
profiling:/usr/src/Python-3.11.10/Python/Python-ast.gcda:Cannot open
profiling:/usr/src/Python-3.11.10/Python/_warnings.gcda:Cannot open
profiling:/usr/src/Python-3.11.10/Objects/weakrefobject.gcda:Cannot open
profiling:/usr/src/Python-3.11.10/Objects/unionobject.gcda:Cannot open
profiling:/usr/src/Python-3.11.10/Objects/unicodectype.gcda:Cannot open
profiling:/usr/src/Python-3.11.10/Objects/unicodeobject.gcda:Cannot open
profiling:/usr/src/Python-3.11.10/Objects/typeobject.gcda:Cannot open
profiling:/usr/src/Python-3.11.10/Objects/tupleobject.gcda:Cannot open
profiling:/usr/src/Python-3.11.10/Objects/structseq.gcda:Cannot open
profiling:/usr/src/Python-3.11.10/Objects/sliceobject.gcda:Cannot open
profiling:/usr/src/Python-3.11.10/Objects/setobject.gcda:Cannot open
profiling:/usr/src/Python-3.11.10/Objects/rangeobject.gcda:Cannot open
profiling:/usr/src/Python-3.11.10/Objects/picklebufobject.gcda:Cannot open
profiling:/usr/src/Python-3.11.10/Objects/obmalloc.gcda:Cannot open
profiling:/usr/src/Python-3.11.10/Objects/object.gcda:Cannot open
profiling:/usr/src/Python-3.11.10/Objects/namespaceobject.gcda:Cannot open
profiling:/usr/src/Python-3.11.10/Objects/moduleobject.gcda:Cannot open
profiling:/usr/src/Python-3.11.10/Objects/methodobject.gcda:Cannot open
profiling:/usr/src/Python-3.11.10/Objects/memoryobject.gcda:Cannot open
profiling:/usr/src/Python-3.11.10/Objects/odictobject.gcda:Cannot open
profiling:/usr/src/Python-3.11.10/Objects/dictobject.gcda:Cannot open
profiling:/usr/src/Python-3.11.10/Objects/longobject.gcda:Cannot open
profiling:/usr/src/Python-3.11.10/Objects/listobject.gcda:Cannot open
profiling:/usr/src/Python-3.11.10/Objects/iterobject.gcda:Cannot open
profiling:/usr/src/Python-3.11.10/Objects/interpreteridobject.gcda:Cannot open
profiling:/usr/src/Python-3.11.10/Objects/funcobject.gcda:Cannot open
profiling:/usr/src/Python-3.11.10/Objects/frameobject.gcda:Cannot open
profiling:/usr/src/Python-3.11.10/Objects/floatobject.gcda:Cannot open
profiling:/usr/src/Python-3.11.10/Objects/fileobject.gcda:Cannot open
profiling:/usr/src/Python-3.11.10/Objects/genobject.gcda:Cannot open
profiling:/usr/src/Python-3.11.10/Objects/genericaliasobject.gcda:Cannot open
profiling:/usr/src/Python-3.11.10/Objects/exceptions.gcda:Cannot open
profiling:/usr/src/Python-3.11.10/Objects/enumobject.gcda:Cannot open
profiling:/usr/src/Python-3.11.10/Objects/descrobject.gcda:Cannot open
profiling:/usr/src/Python-3.11.10/Objects/complexobject.gcda:Cannot open
profiling:/usr/src/Python-3.11.10/Objects/codeobject.gcda:Cannot open
profiling:/usr/src/Python-3.11.10/Objects/classobject.gcda:Cannot open
profiling:/usr/src/Python-3.11.10/Objects/cellobject.gcda:Cannot open
profiling:/usr/src/Python-3.11.10/Objects/capsule.gcda:Cannot open
profiling:/usr/src/Python-3.11.10/Objects/call.gcda:Cannot open
profiling:/usr/src/Python-3.11.10/Objects/bytesobject.gcda:Cannot open
profiling:/usr/src/Python-3.11.10/Objects/bytearrayobject.gcda:Cannot open
profiling:/usr/src/Python-3.11.10/Objects/bytes_methods.gcda:Cannot open
profiling:/usr/src/Python-3.11.10/Objects/boolobject.gcda:Cannot open
profiling:/usr/src/Python-3.11.10/Objects/accu.gcda:Cannot open
profiling:/usr/src/Python-3.11.10/Objects/abstract.gcda:Cannot open
profiling:/usr/src/Python-3.11.10/Parser/tokenizer.gcda:Cannot open
profiling:/usr/src/Python-3.11.10/Parser/myreadline.gcda:Cannot open
profiling:/usr/src/Python-3.11.10/Parser/peg_api.gcda:Cannot open
profiling:/usr/src/Python-3.11.10/Parser/string_parser.gcda:Cannot open
profiling:/usr/src/Python-3.11.10/Parser/parser.gcda:Cannot open
profiling:/usr/src/Python-3.11.10/Parser/action_helpers.gcda:Cannot open
profiling:/usr/src/Python-3.11.10/Parser/pegen_errors.gcda:Cannot open
profiling:/usr/src/Python-3.11.10/Parser/pegen.gcda:Cannot open
profiling:/usr/src/Python-3.11.10/Parser/token.gcda:Cannot open
profiling:/usr/src/Python-3.11.10/Modules/getbuildinfo.gcda:Cannot open
profiling:/usr/src/Python-3.11.10/Programs/python.gcda:Cannot open
